// Jest Snapshot v1, https://goo.gl/fbAQLP

exports[`should render ExpenseList with expenses 1`] = `
<[object Object]
  className="list-item"
  to="/edit/2"
>
  <div>
    <h3
      className="list-item__title"
    >
      Nos
    </h3>
    <span
      className="list-item__sub-title"
    >
      27 December, 1969
    </span>
  </div>
  <div>
    <h3
      className="list-item__data"
    >
      $14.50
    </h3>
  </div>
</[object Object]>
`;
